// Jest Snapshot v1, https://goo.gl/fbAQLP

exports[`BuildPlanPlugin build plan debugging should generate a build plan 1`] = `
"Build Plan Depth (deepest dependency tree): 5
Build Plan Width (maximum parallelism): 38
Number of Nodes per Depth: 22, 38, 33, 11, 1
Plan @ Depth 0 has 22 nodes and 0 dependents:
- a (upstream-3)
- a (no-deps)
- a (upstream-1)
- a (upstream-1-self-upstream)
- a (upstream-2)
- b (no-deps)
- c (no-deps)
- d (no-deps)
- e (no-deps)
- f (no-deps)
- g (no-deps)
- h (no-deps)
- i (upstream-3)
- i (no-deps)
- i (upstream-1)
- i (upstream-1-self-upstream)
- i (upstream-2)
- j (upstream-3)
- j (no-deps)
- j (upstream-1)
- j (upstream-1-self-upstream)
- j (upstream-2)
Plan @ Depth 1 has 38 nodes and 22 dependents:
- a (complex)
- a (upstream-self)
- b (upstream-1)
- f (upstream-1)
- g (upstream-1)
- h (upstream-1)
- b (upstream-2)
- f (upstream-2)
- g (upstream-2)
- h (upstream-2)
- a (upstream-1-self)
- b (complex)
- f (complex)
- g (complex)
- h (complex)
- b (upstream-3)
- f (upstream-3)
- g (upstream-3)
- h (upstream-3)
- a (upstream-2-self)
- b (upstream-self)
- c (upstream-1)
- d (upstream-1)
- c (upstream-self)
- e (upstream-1)
- d (upstream-self)
- e (upstream-self)
- f (upstream-self)
- g (upstream-self)
- h (upstream-self)
- i (complex)
- i (upstream-self)
- i (upstream-1-self)
- i (upstream-2-self)
- j (complex)
- j (upstream-self)
- j (upstream-1-self)
- j (upstream-2-self)
Plan @ Depth 2 has 33 nodes and 60 dependents:
- b (upstream-self)
- f (upstream-self)
- h (upstream-self)
- g (upstream-self)
- c (upstream-2)
- d (upstream-2)
- b (upstream-1-self)
- f (upstream-1-self)
- g (upstream-1-self)
- f (upstream-2)
- h (upstream-1-self)
- c (upstream-3)
- d (upstream-3)
- b (upstream-2-self)
- f (upstream-2-self)
- g (upstream-2-self)
- f (upstream-3)
- h (upstream-2-self)
- b (upstream-1-self-upstream)
- f (upstream-1-self-upstream)
- g (upstream-1-self-upstream)
- h (upstream-1-self-upstream)
- b (complex)
- f (complex)
- g (complex)
- h (complex)
- c (upstream-self)
- d (upstream-self)
- e (upstream-2)
- c (upstream-1-self)
- d (upstream-1-self)
- e (upstream-self)
- e (upstream-1-self)
Plan @ Depth 3 has 11 nodes and 93 dependents:
- e (upstream-3)
- c (upstream-2-self)
- d (upstream-2-self)
- c (upstream-1-self-upstream)
- d (upstream-1-self-upstream)
- f (upstream-1-self-upstream)
- c (complex)
- d (complex)
- f (complex)
- e (upstream-2-self)
- e (upstream-1-self-upstream)
Plan @ Depth 4 has 1 nodes and 104 dependents:
- e (complex)
##################################################
                  a (complex): (0)
               a (upstream-3): (0)
                  a (no-deps): (1)
               a (upstream-1): (1)
 a (upstream-1-self-upstream): (1)
               a (upstream-2): (1)
                  b (no-deps): (1)
                  c (no-deps): (1)
                  d (no-deps): (1)
                  e (no-deps): (1)
                  f (no-deps): (1)
                  g (no-deps): (1)
                  h (no-deps): (1)
                  i (complex): (2)
               i (upstream-3): (2)
                  i (no-deps): (3)
               i (upstream-1): (4)
 i (upstream-1-self-upstream): (5)
               i (upstream-2): (6)
                  j (complex): (7)
               j (upstream-3): (7)
                  j (no-deps): (8)
               j (upstream-1): (9)
 j (upstream-1-self-upstream): (10)
               j (upstream-2): (11)
          a (upstream-1-self): -(1)
          a (upstream-2-self): -(1)
            a (upstream-self): -(1)
               b (upstream-1): -(1)
               b (upstream-2): -(1)
               b (upstream-3): -(1)
               c (upstream-1): -(1)
               d (upstream-1): -(1)
               e (upstream-1): -(1)
               f (upstream-1): -(1)
               f (upstream-2): -(1)
               f (upstream-3): -(1)
               g (upstream-1): -(1)
               g (upstream-2): -(1)
               g (upstream-3): -(1)
               h (upstream-1): -(1)
               h (upstream-2): -(1)
               h (upstream-3): -(1)
            i (upstream-self): -(3)
          i (upstream-1-self): -(4)
          i (upstream-2-self): -(6)
            j (upstream-self): -(8)
          j (upstream-1-self): -(9)
          j (upstream-2-self): -(11)
                  b (complex): --(1)
          b (upstream-1-self): --(1)
 b (upstream-1-self-upstream): --(1)
          b (upstream-2-self): --(1)
            b (upstream-self): --(1)
          c (upstream-1-self): --(1)
               c (upstream-2): --(1)
               c (upstream-3): --(1)
          d (upstream-1-self): --(1)
               d (upstream-2): --(1)
               d (upstream-3): --(1)
          e (upstream-1-self): --(1)
               e (upstream-2): --(1)
                  f (complex): --(1)
          f (upstream-1-self): --(1)
 f (upstream-1-self-upstream): --(1)
          f (upstream-2-self): --(1)
            f (upstream-self): --(1)
                  g (complex): --(1)
          g (upstream-1-self): --(1)
 g (upstream-1-self-upstream): --(1)
          g (upstream-2-self): --(1)
            g (upstream-self): --(1)
                  h (complex): --(1)
          h (upstream-1-self): --(1)
 h (upstream-1-self-upstream): --(1)
          h (upstream-2-self): --(1)
            h (upstream-self): --(1)
                  c (complex): ---(1)
 c (upstream-1-self-upstream): ---(1)
          c (upstream-2-self): ---(1)
            c (upstream-self): ---(1)
                  d (complex): ---(1)
 d (upstream-1-self-upstream): ---(1)
          d (upstream-2-self): ---(1)
            d (upstream-self): ---(1)
 e (upstream-1-self-upstream): ---(1)
          e (upstream-2-self): ---(1)
               e (upstream-3): ---(1)
                  e (complex): ----(1)
            e (upstream-self): ----(1)
##################################################
Cluster 0:
- Dependencies: none
- Clustered by: 
  - (a (upstream-3)) \\"Project does not have a rush-project.json configuration file, or one provided by a rig, so it does not support caching.\\"
- Operations: a (complex), a (upstream-3)
--------------------------------------------------
Cluster 1:
- Dependencies: none
- Clustered by: 
  - (a (upstream-1)) \\"Project does not have a rush-project.json configuration file, or one provided by a rig, so it does not support caching.\\"
  - (a (upstream-2)) \\"Project does not have a rush-project.json configuration file, or one provided by a rig, so it does not support caching.\\"
  - (a (no-deps)) \\"Project does not have a rush-project.json configuration file, or one provided by a rig, so it does not support caching.\\"
  - (b (upstream-3)) \\"Project does not have a rush-project.json configuration file, or one provided by a rig, so it does not support caching.\\"
  - (a (upstream-1-self-upstream)) \\"Project does not have a rush-project.json configuration file, or one provided by a rig, so it does not support caching.\\"
  - (a (upstream-2-self)) \\"Project does not have a rush-project.json configuration file, or one provided by a rig, so it does not support caching.\\"
  - (b (upstream-1)) \\"Project does not have a rush-project.json configuration file, or one provided by a rig, so it does not support caching.\\"
  - (a (upstream-1-self)) \\"Project does not have a rush-project.json configuration file, or one provided by a rig, so it does not support caching.\\"
  - (b (upstream-2)) \\"Project does not have a rush-project.json configuration file, or one provided by a rig, so it does not support caching.\\"
  - (b (no-deps)) \\"Project does not have a rush-project.json configuration file, or one provided by a rig, so it does not support caching.\\"
  - (a (upstream-self)) \\"Project does not have a rush-project.json configuration file, or one provided by a rig, so it does not support caching.\\"
  - (c (upstream-3)) \\"Project does not have a rush-project.json configuration file, or one provided by a rig, so it does not support caching.\\"
  - (b (upstream-1-self-upstream)) \\"Project does not have a rush-project.json configuration file, or one provided by a rig, so it does not support caching.\\"
  - (b (upstream-2-self)) \\"Project does not have a rush-project.json configuration file, or one provided by a rig, so it does not support caching.\\"
  - (c (upstream-1)) \\"Project does not have a rush-project.json configuration file, or one provided by a rig, so it does not support caching.\\"
  - (b (upstream-1-self)) \\"Project does not have a rush-project.json configuration file, or one provided by a rig, so it does not support caching.\\"
  - (c (upstream-2)) \\"Project does not have a rush-project.json configuration file, or one provided by a rig, so it does not support caching.\\"
  - (c (no-deps)) \\"Project does not have a rush-project.json configuration file, or one provided by a rig, so it does not support caching.\\"
  - (b (upstream-self)) \\"Project does not have a rush-project.json configuration file, or one provided by a rig, so it does not support caching.\\"
  - (d (upstream-3)) \\"Project does not have a rush-project.json configuration file, or one provided by a rig, so it does not support caching.\\"
  - (d (upstream-1)) \\"Project does not have a rush-project.json configuration file, or one provided by a rig, so it does not support caching.\\"
  - (d (upstream-2)) \\"Project does not have a rush-project.json configuration file, or one provided by a rig, so it does not support caching.\\"
  - (d (no-deps)) \\"Project does not have a rush-project.json configuration file, or one provided by a rig, so it does not support caching.\\"
  - (e (upstream-3)) \\"Project does not have a rush-project.json configuration file, or one provided by a rig, so it does not support caching.\\"
  - (c (upstream-1-self-upstream)) \\"Project does not have a rush-project.json configuration file, or one provided by a rig, so it does not support caching.\\"
  - (c (upstream-2-self)) \\"Project does not have a rush-project.json configuration file, or one provided by a rig, so it does not support caching.\\"
  - (e (upstream-1)) \\"Project does not have a rush-project.json configuration file, or one provided by a rig, so it does not support caching.\\"
  - (c (upstream-1-self)) \\"Project does not have a rush-project.json configuration file, or one provided by a rig, so it does not support caching.\\"
  - (e (upstream-2)) \\"Project does not have a rush-project.json configuration file, or one provided by a rig, so it does not support caching.\\"
  - (e (no-deps)) \\"Project does not have a rush-project.json configuration file, or one provided by a rig, so it does not support caching.\\"
  - (c (upstream-self)) \\"Project does not have a rush-project.json configuration file, or one provided by a rig, so it does not support caching.\\"
  - (f (upstream-3)) \\"Project does not have a rush-project.json configuration file, or one provided by a rig, so it does not support caching.\\"
  - (h (upstream-1-self-upstream)) \\"Project does not have a rush-project.json configuration file, or one provided by a rig, so it does not support caching.\\"
  - (h (upstream-2-self)) \\"Project does not have a rush-project.json configuration file, or one provided by a rig, so it does not support caching.\\"
  - (h (no-deps)) \\"Project does not have a rush-project.json configuration file, or one provided by a rig, so it does not support caching.\\"
  - (f (upstream-1)) \\"Project does not have a rush-project.json configuration file, or one provided by a rig, so it does not support caching.\\"
  - (h (upstream-1-self)) \\"Project does not have a rush-project.json configuration file, or one provided by a rig, so it does not support caching.\\"
  - (h (upstream-1)) \\"Project does not have a rush-project.json configuration file, or one provided by a rig, so it does not support caching.\\"
  - (f (upstream-2)) \\"Project does not have a rush-project.json configuration file, or one provided by a rig, so it does not support caching.\\"
  - (h (upstream-2)) \\"Project does not have a rush-project.json configuration file, or one provided by a rig, so it does not support caching.\\"
  - (f (no-deps)) \\"Project does not have a rush-project.json configuration file, or one provided by a rig, so it does not support caching.\\"
  - (h (upstream-self)) \\"Project does not have a rush-project.json configuration file, or one provided by a rig, so it does not support caching.\\"
  - (g (upstream-3)) \\"Project does not have a rush-project.json configuration file, or one provided by a rig, so it does not support caching.\\"
  - (g (upstream-1)) \\"Project does not have a rush-project.json configuration file, or one provided by a rig, so it does not support caching.\\"
  - (g (upstream-2)) \\"Project does not have a rush-project.json configuration file, or one provided by a rig, so it does not support caching.\\"
  - (g (no-deps)) \\"Project does not have a rush-project.json configuration file, or one provided by a rig, so it does not support caching.\\"
  - (h (upstream-3)) \\"Project does not have a rush-project.json configuration file, or one provided by a rig, so it does not support caching.\\"
- Operations: a (no-deps), a (upstream-1), a (upstream-1-self), a (upstream-1-self-upstream), a (upstream-2), a (upstream-2-self), a (upstream-self), b (complex), b (no-deps), b (upstream-1), b (upstream-1-self), b (upstream-1-self-upstream), b (upstream-2), b (upstream-2-self), b (upstream-3), b (upstream-self), c (complex), c (no-deps), c (upstream-1), c (upstream-1-self), c (upstream-1-self-upstream), c (upstream-2), c (upstream-2-self), c (upstream-3), c (upstream-self), d (complex), d (no-deps), d (upstream-1), d (upstream-1-self), d (upstream-1-self-upstream), d (upstream-2), d (upstream-2-self), d (upstream-3), d (upstream-self), e (complex), e (no-deps), e (upstream-1), e (upstream-1-self), e (upstream-1-self-upstream), e (upstream-2), e (upstream-2-self), e (upstream-3), e (upstream-self), f (complex), f (no-deps), f (upstream-1), f (upstream-1-self), f (upstream-1-self-upstream), f (upstream-2), f (upstream-2-self), f (upstream-3), f (upstream-self), g (complex), g (no-deps), g (upstream-1), g (upstream-1-self), g (upstream-1-self-upstream), g (upstream-2), g (upstream-2-self), g (upstream-3), g (upstream-self), h (complex), h (no-deps), h (upstream-1), h (upstream-1-self), h (upstream-1-self-upstream), h (upstream-2), h (upstream-2-self), h (upstream-3), h (upstream-self)
--------------------------------------------------
Cluster 2:
- Dependencies: none
- Clustered by: 
  - (i (upstream-3)) \\"Project does not have a rush-project.json configuration file, or one provided by a rig, so it does not support caching.\\"
- Operations: i (complex), i (upstream-3)
--------------------------------------------------
Cluster 3:
- Dependencies: none
- Clustered by: 
  - (i (no-deps)) \\"Project does not have a rush-project.json configuration file, or one provided by a rig, so it does not support caching.\\"
- Operations: i (no-deps), i (upstream-self)
--------------------------------------------------
Cluster 4:
- Dependencies: none
- Clustered by: 
  - (i (upstream-1)) \\"Project does not have a rush-project.json configuration file, or one provided by a rig, so it does not support caching.\\"
- Operations: i (upstream-1), i (upstream-1-self)
--------------------------------------------------
Cluster 5:
- Dependencies: none
- Operations: i (upstream-1-self-upstream)
--------------------------------------------------
Cluster 6:
- Dependencies: none
- Clustered by: 
  - (i (upstream-2)) \\"Project does not have a rush-project.json configuration file, or one provided by a rig, so it does not support caching.\\"
- Operations: i (upstream-2), i (upstream-2-self)
--------------------------------------------------
Cluster 7:
- Dependencies: none
- Clustered by: 
  - (j (upstream-3)) \\"Project does not have a rush-project.json configuration file, or one provided by a rig, so it does not support caching.\\"
- Operations: j (complex), j (upstream-3)
--------------------------------------------------
Cluster 8:
- Dependencies: none
- Clustered by: 
  - (j (no-deps)) \\"Project does not have a rush-project.json configuration file, or one provided by a rig, so it does not support caching.\\"
- Operations: j (no-deps), j (upstream-self)
--------------------------------------------------
Cluster 9:
- Dependencies: none
- Clustered by: 
  - (j (upstream-1)) \\"Project does not have a rush-project.json configuration file, or one provided by a rig, so it does not support caching.\\"
- Operations: j (upstream-1), j (upstream-1-self)
--------------------------------------------------
Cluster 10:
- Dependencies: none
- Operations: j (upstream-1-self-upstream)
--------------------------------------------------
Cluster 11:
- Dependencies: none
- Clustered by: 
  - (j (upstream-2)) \\"Project does not have a rush-project.json configuration file, or one provided by a rig, so it does not support caching.\\"
- Operations: j (upstream-2), j (upstream-2-self)
--------------------------------------------------
##################################################
"
`;
