// Jest Snapshot v1, https://goo.gl/fbAQLP

exports[`render Markdown from TSDoc 1`] = `
"
## Simple bold test

This is a **bold** word.

## All whitespace bold

  

## Newline bold

**line 1** **line 2**

## Newline bold with spaces

  **line 1**    **line 2**    **line 3**  

## Adjacent bold regions

**one**<!-- -->**two** **three** **four**<!-- -->non-bold<!-- -->**five**

## Adjacent to other characters

[a link](./index.md)<!-- -->**bold**<!-- -->non-boldmore-non-bold

## Unknown block tag

**bold**<!-- -->non-boldmore-non-bold

## Bad characters

**\\\\*one\\\\*two\\\\***<!-- -->**three\\\\*four**

## Characters that should be escaped

Double-encoded JSON: \\"{ \\\\\\\\\\"A\\\\\\\\\\": 123}\\"

HTML chars: &lt;script&gt;alert(\\"\\\\[You\\\\] are \\\\#1!\\");&lt;/script&gt;

HTML escape: &amp;quot;

3 or more hyphens: - -- \\\\-\\\\-\\\\- \\\\-\\\\-\\\\-- \\\\-\\\\-\\\\--- \\\\-\\\\-\\\\-\\\\-\\\\-\\\\-

## HTML tag

<b>bold</b>

## Table

<table><thead><tr><th>

Header 1


</th><th>

Header 2


</th></tr></thead>
<tbody><tr><td>

Cell 1


</td><td>

Cell 2

**bold text**


</td></tr>
</tbody></table>

## After a table

just checking lines after a table

"
`;
