// Jest Snapshot v1, https://goo.gl/fbAQLP

exports[`CommonVersionsConfiguration Does not allow \`ensureConsistentVersions\` to be set in both rush.json and common-versions.json 1`] = `"When the ensureConsistentVersions config is defined in the rush.json file, it cannot also be defined in the common-versions.json file"`;
